Line 1 from file "test_file_ctrl.rx.txt:1"

Line 1 from test_skip.txt.
Line 2 from test_skip.txt.




Last line...
