Line 1 for test_redirect.txt.
Line 2 for test_redirect.txt.
